// Jest Snapshot v1, https://goo.gl/fbAQLP

exports[`test de  1`] = `null`;

exports[`test de Snapshot 1`] = `null`;

exports[`testar de Snapshot 1`] = `null`;

exports[`testar o Snapshot 1`] = `null`;

exports[`teste de Snapshot 1`] = `null`;
